id,category,aggression,bestmove,expected,score,depth,nodes,elapsed_ms,status,personality,baseline_bestmove,baseline_score,baseline_depth,baseline_nodes,baseline_elapsed_ms,baseline_status,baseline_personality,move_changed,expected_hit_delta
starting-development,initiative,0,d2d4,b1c3,cp 23,6,10361,7,FAIL,"{'nodes': 0, 'attempts': 0, 'completed': 0, 'exhausted': 0, 'selections': 0}",b1c3,cp 23,6,9691,6,pass,"{'nodes': 0, 'attempts': 0, 'completed': 0, 'exhausted': 0, 'selections': 0}",True,-1
starting-development,initiative,100,d2d4,b1c3,cp 23,6,17781,12,FAIL,"{'nodes': 4664, 'attempts': 11, 'completed': 8, 'exhausted': 3, 'selections': 1}",b1c3,cp 23,6,17288,12,pass,"{'nodes': 4664, 'attempts': 11, 'completed': 8, 'exhausted': 3, 'selections': 1}",True,-1
early-king-pressure,king-attack,0,b1c3,b1c3,cp 29,6,16473,11,pass,"{'nodes': 0, 'attempts': 0, 'completed': 0, 'exhausted': 0, 'selections': 0}",b1c3,cp 29,6,18483,13,pass,"{'nodes': 0, 'attempts': 0, 'completed': 0, 'exhausted': 0, 'selections': 0}",False,0
early-king-pressure,king-attack,100,b1c3,b1c3,cp 29,5,18597,24,pass,"{'nodes': 4606, 'attempts': 9, 'completed': 6, 'exhausted': 3, 'selections': 1}",b1c3,cp 29,5,19408,15,pass,"{'nodes': 4606, 'attempts': 9, 'completed': 6, 'exhausted': 3, 'selections': 1}",False,0
central-space,initiative,0,b1c3,b1c3,cp 46,5,7344,10,pass,"{'nodes': 0, 'attempts': 0, 'completed': 0, 'exhausted': 0, 'selections': 0}",b1c3,cp 46,5,7404,10,pass,"{'nodes': 0, 'attempts': 0, 'completed': 0, 'exhausted': 0, 'selections': 0}",False,0
central-space,initiative,100,f1c4,f1c4,cp 20,4,13223,10,pass,"{'nodes': 2248, 'attempts': 7, 'completed': 4, 'exhausted': 3, 'selections': 2}",f1c4,cp 20,4,13223,10,pass,"{'nodes': 2248, 'attempts': 7, 'completed': 4, 'exhausted': 3, 'selections': 2}",False,0
black-king-pressure,king-attack,0,b8c6,b8c6,cp 29,6,15290,10,pass,"{'nodes': 0, 'attempts': 0, 'completed': 0, 'exhausted': 0, 'selections': 0}",b8c6,cp 29,6,16574,12,pass,"{'nodes': 0, 'attempts': 0, 'completed': 0, 'exhausted': 0, 'selections': 0}",False,0
black-king-pressure,king-attack,100,b8c6,b8c6,cp 29,5,15728,11,pass,"{'nodes': 4573, 'attempts': 9, 'completed': 6, 'exhausted': 3, 'selections': 0}",b8c6,cp 29,5,18932,14,pass,"{'nodes': 4573, 'attempts': 9, 'completed': 6, 'exhausted': 3, 'selections': 0}",False,0
tactical-safety,safety,0,e1e2,e1e2,cp 642,6,12289,4,pass,"{'nodes': 0, 'attempts': 0, 'completed': 0, 'exhausted': 0, 'selections': 0}",e1e2,cp 642,6,14568,4,pass,"{'nodes': 0, 'attempts': 0, 'completed': 0, 'exhausted': 0, 'selections': 0}",False,0
tactical-safety,safety,100,e1e2,e1e2,cp 642,6,16242,5,pass,"{'nodes': 30, 'attempts': 0, 'completed': 0, 'exhausted': 0, 'selections': 0}",e1e2,cp 641,6,19549,6,pass,"{'nodes': 30, 'attempts': 0, 'completed': 0, 'exhausted': 0, 'selections': 0}",False,0
defensive-safety,safety,0,a1a2,a1a2,cp -641,8,15568,4,pass,"{'nodes': 0, 'attempts': 0, 'completed': 0, 'exhausted': 0, 'selections': 0}",a1a2,cp -647,7,12773,4,pass,"{'nodes': 0, 'attempts': 0, 'completed': 0, 'exhausted': 0, 'selections': 0}",False,0
defensive-safety,safety,100,a1a2,a1a2,cp -641,8,17856,5,pass,"{'nodes': 0, 'attempts': 0, 'completed': 0, 'exhausted': 0, 'selections': 0}",a1a2,cp -647,7,14956,4,pass,"{'nodes': 0, 'attempts': 0, 'completed': 0, 'exhausted': 0, 'selections': 0}",False,0
open-king-gambit,forcing-attack,0,c1g5,c3d5,cp 111,6,48766,43,FAIL,"{'nodes': 0, 'attempts': 0, 'completed': 0, 'exhausted': 0, 'selections': 0}",c3d5,cp 101,6,59216,49,pass,"{'nodes': 0, 'attempts': 0, 'completed': 0, 'exhausted': 0, 'selections': 0}",True,-1
open-king-gambit,forcing-attack,100,c1g5,c1g5,cp 111,6,100000,89,pass,"{'nodes': 8753, 'attempts': 8, 'completed': 4, 'exhausted': 3, 'selections': 0}",c1g5,cp 99,5,65859,56,pass,"{'nodes': 4676, 'attempts': 7, 'completed': 4, 'exhausted': 3, 'selections': 0}",False,0
opposite-castle-storm,pawn-storm,0,f1e1,f1e1,cp -256,5,8976,6,pass,"{'nodes': 0, 'attempts': 0, 'completed': 0, 'exhausted': 0, 'selections': 0}",f1e1,cp -256,5,13024,9,pass,"{'nodes': 0, 'attempts': 0, 'completed': 0, 'exhausted': 0, 'selections': 0}",False,0
opposite-castle-storm,pawn-storm,100,b2b4,b2b4,cp -255,5,12736,10,pass,"{'nodes': 3933, 'attempts': 9, 'completed': 8, 'exhausted': 1, 'selections': 4}",b2b4,cp -255,5,13830,16,pass,"{'nodes': 3933, 'attempts': 9, 'completed': 8, 'exhausted': 1, 'selections': 4}",False,0
hanging-queen-safety,safety,0,d3d5,d3d5,cp 1317,5,7591,3,pass,"{'nodes': 0, 'attempts': 0, 'completed': 0, 'exhausted': 0, 'selections': 0}",d3d5,cp 1317,5,7591,4,pass,"{'nodes': 0, 'attempts': 0, 'completed': 0, 'exhausted': 0, 'selections': 0}",False,0
hanging-queen-safety,safety,100,d3d5,d3d5,cp 1307,4,7413,3,pass,"{'nodes': 852, 'attempts': 0, 'completed': 0, 'exhausted': 2, 'selections': 0}",d3d5,cp 1307,4,7413,5,pass,"{'nodes': 852, 'attempts': 0, 'completed': 0, 'exhausted': 2, 'selections': 0}",False,0
forcing-mate-safety,safety,0,h5f7,h5f7,mate 2,1,86,0,pass,"{'nodes': 0, 'attempts': 0, 'completed': 0, 'exhausted': 0, 'selections': 0}",h5f7,mate 2,1,86,0,pass,"{'nodes': 0, 'attempts': 0, 'completed': 0, 'exhausted': 0, 'selections': 0}",False,0
forcing-mate-safety,safety,100,h5f7,h5f7,mate 2,1,1126,1,pass,"{'nodes': 0, 'attempts': 0, 'completed': 0, 'exhausted': 0, 'selections': 0}",h5f7,mate 2,1,1126,1,pass,"{'nodes': 0, 'attempts': 0, 'completed': 0, 'exhausted': 0, 'selections': 0}",False,0
kingside-pawn-storm,pawn-storm,0,f2f4,f2f4,cp 20,8,12943,12,pass,"{'nodes': 0, 'attempts': 0, 'completed': 0, 'exhausted': 0, 'selections': 0}",f2f4,cp 20,8,13570,7,pass,"{'nodes': 0, 'attempts': 0, 'completed': 0, 'exhausted': 0, 'selections': 0}",False,0
kingside-pawn-storm,pawn-storm,100,f2f4,f2f4,cp 20,8,19800,18,pass,"{'nodes': 6791, 'attempts': 15, 'completed': 13, 'exhausted': 2, 'selections': 0}",f2f4,cp 20,8,20000,10,pass,"{'nodes': 5519, 'attempts': 14, 'completed': 14, 'exhausted': 0, 'selections': 0}",False,0
central-queen-safety,safety,0,c3d5,c3d5,cp 1119,7,11466,6,pass,"{'nodes': 0, 'attempts': 0, 'completed': 0, 'exhausted': 0, 'selections': 0}",c3d5,cp 1119,7,15984,9,pass,"{'nodes': 0, 'attempts': 0, 'completed': 0, 'exhausted': 0, 'selections': 0}",False,0
central-queen-safety,safety,100,c3d5,c3d5,cp 1116,6,10895,7,pass,"{'nodes': 2069, 'attempts': 6, 'completed': 6, 'exhausted': 0, 'selections': 0}",c3d5,cp 1116,6,12552,14,pass,"{'nodes': 2192, 'attempts': 6, 'completed': 6, 'exhausted': 0, 'selections': 0}",False,0
knight-c6-investment,sacrifice,0,d2d4,d2d4,cp -113,6,13413,9,pass,"{'nodes': 0, 'attempts': 0, 'completed': 0, 'exhausted': 0, 'selections': 0}",d2d4,cp -113,6,14357,10,pass,"{'nodes': 0, 'attempts': 0, 'completed': 0, 'exhausted': 0, 'selections': 0}",False,0
knight-c6-investment,sacrifice,100,e5c6,e5c6,cp -135,5,13355,10,pass,"{'nodes': 2147, 'attempts': 7, 'completed': 7, 'exhausted': 0, 'selections': 3}",e5c6,cp -135,5,13942,14,pass,"{'nodes': 2119, 'attempts': 7, 'completed': 7, 'exhausted': 0, 'selections': 3}",False,0
unsupported-greek-gift,anti-sacrifice,0,b1d2,b1d2,cp 41,7,64169,60,pass,"{'nodes': 0, 'attempts': 0, 'completed': 0, 'exhausted': 0, 'selections': 0}",b1d2,cp 48,7,79527,58,pass,"{'nodes': 0, 'attempts': 0, 'completed': 0, 'exhausted': 0, 'selections': 0}",False,0
unsupported-greek-gift,anti-sacrifice,100,b1d2,b1d2,cp 50,7,77923,58,pass,"{'nodes': 12820, 'attempts': 11, 'completed': 7, 'exhausted': 4, 'selections': 0}",b1d2,cp 43,6,50540,39,pass,"{'nodes': 8724, 'attempts': 10, 'completed': 7, 'exhausted': 3, 'selections': 0}",False,0
unsupported-rook-f7,anti-sacrifice,0,g1h1,g1h1,cp -450,6,14611,10,pass,"{'nodes': 0, 'attempts': 0, 'completed': 0, 'exhausted': 0, 'selections': 0}",g1h1,cp -450,5,10179,7,pass,"{'nodes': 0, 'attempts': 0, 'completed': 0, 'exhausted': 0, 'selections': 0}",False,0
unsupported-rook-f7,anti-sacrifice,100,g1h1,g1h1,cp -450,5,19073,13,pass,"{'nodes': 1470, 'attempts': 0, 'completed': 0, 'exhausted': 0, 'selections': 0}",g1h1,cp -439,4,11496,8,pass,"{'nodes': 565, 'attempts': 0, 'completed': 0, 'exhausted': 0, 'selections': 0}",False,0
avoid-equal-queen-trade,simplification,0,d2d7,d2d7,cp 0,7,47178,16,pass,"{'nodes': 0, 'attempts': 0, 'completed': 0, 'exhausted': 0, 'selections': 0}",d2d7,cp 0,7,47178,17,pass,"{'nodes': 0, 'attempts': 0, 'completed': 0, 'exhausted': 0, 'selections': 0}",False,0
measured 32 searches; mismatches=3
avoid-equal-queen-trade,simplification,100,d2e2,d2e2,cp 0,5,59146,21,pass,"{'nodes': 4866, 'attempts': 7, 'completed': 3, 'exhausted': 4, 'selections': 1}",d2e2,cp 0,5,59146,22,pass,"{'nodes': 4866, 'attempts': 7, 'completed': 3, 'exhausted': 4, 'selections': 1}",False,0
