warm 0 0: move=Some("b1c3") info=Some(SearchInfo { depth: 5, score: Centipawns(46), nodes: 7344, elapsed: 5.962907ms, pv: ["b1c3", "f8c5", "f1c4", "d7d6", "e1g1"] })
warm 0 1: move=Some("b1c3") info=Some(SearchInfo { depth: 5, score: Centipawns(46), nodes: 857, elapsed: 705.989µs, pv: ["b1c3", "f8c5", "f1c4", "d7d6", "e1g1"] })
warm 0 2: move=Some("b1c3") info=Some(SearchInfo { depth: 5, score: Centipawns(46), nodes: 396, elapsed: 183.385µs, pv: ["b1c3", "f8c5", "f1c4", "d7d6", "e1g1"] })
warm 75 0: move=Some("b1c3") info=Some(SearchInfo { depth: 5, score: Centipawns(52), nodes: 11474, elapsed: 8.882753ms, pv: ["b1c3", "g8f6", "f1c4", "f8d6", "e1g1"] })
warm 75 1: move=Some("f1c4") info=Some(SearchInfo { depth: 5, score: Centipawns(52), nodes: 2780, elapsed: 2.278313ms, pv: ["f1c4", "g8f6", "b1c3", "f8d6", "e1g1"] })
warm 75 2: move=Some("f1c4") info=Some(SearchInfo { depth: 5, score: Centipawns(52), nodes: 1559, elapsed: 1.153053ms, pv: ["f1c4", "g8f6", "b1c3", "f8d6", "e1g1"] })
warm 100 0: move=Some("f1c4") info=Some(SearchInfo { depth: 5, score: Centipawns(52), nodes: 32249, elapsed: 25.027723ms, pv: ["f1c4", "g8f6", "b1c3", "f8d6", "e1g1"] })
warm 100 1: move=Some("f1c4") info=Some(SearchInfo { depth: 5, score: Centipawns(52), nodes: 9248, elapsed: 7.370339ms, pv: ["f1c4", "g8f6", "b1c3", "f8d6", "e1g1"] })
warm 100 2: move=Some("f1c4") info=Some(SearchInfo { depth: 5, score: Centipawns(52), nodes: 8620, elapsed: 6.279788ms, pv: ["f1c4", "g8f6", "b1c3", "f8d6", "e1g1"] })
 id null-rich-start  depth=7 null=false: move=Some("d2d4") info=Some(SearchInfo { depth: 7, score: Centipawns(22), nodes: 30294, elapsed: 19.816984ms, pv: ["d2d4", "g8f6", "b1c3", "d7d5", "g1f3", "b8c6", "e2e3"] })
 id null-rich-start  depth=7 null=true: move=Some("d2d4") info=Some(SearchInfo { depth: 7, score: Centipawns(22), nodes: 27834, elapsed: 17.909876ms, pv: ["d2d4", "g8f6", "b1c3", "d7d5", "g1f3", "b8c6", "e2e3"] })
 id null-rich-start  depth=9 null=false: move=Some("c2c4") info=Some(SearchInfo { depth: 9, score: Centipawns(32), nodes: 152455, elapsed: 106.089863ms, pv: ["c2c4", "e7e6", "b1c3", "c7c5", "g1f3", "b8c6", "d2d3", "c6d4", "e2e3"] })
 id null-rich-start  depth=9 null=true: move=Some("c2c4") info=Some(SearchInfo { depth: 9, score: Centipawns(32), nodes: 122316, elapsed: 87.236235ms, pv: ["c2c4", "e7e6", "b1c3", "c7c5", "g1f3", "b8c6", "d2d3", "c6d4", "e2e3"] })
 id null-in-check  depth=7 null=false: move=Some("e1e2") info=Some(SearchInfo { depth: 7, score: Centipawns(1337), nodes: 113974, elapsed: 24.56344ms, pv: ["e1e2", "e8e7", "d1d5", "e7f6", "d5d6", "f6f7", "e2d3", "f7g7", "d6c5"] })
 id null-in-check  depth=7 null=true: move=Some("d1e2") info=Some(SearchInfo { depth: 7, score: Centipawns(1335), nodes: 113995, elapsed: 24.175436ms, pv: ["d1e2", "e8d7", "e2e5", "d7c6", "e1d2", "c6d7", "d2e3", "d7c6", "e5f5"] })
 id null-in-check  depth=9 null=false: move=Some("d1e2") info=Some(SearchInfo { depth: 9, score: Centipawns(1339), nodes: 343471, elapsed: 70.932508ms, pv: ["d1e2", "e8d7", "e2e5", "d7c6", "e1e2", "c6d7", "e2d2", "d7d8", "e5d4", "d8c7", "d2e2"] })
 id null-in-check  depth=9 null=true: move=Some("d1e2") info=Some(SearchInfo { depth: 9, score: Centipawns(1339), nodes: 350667, elapsed: 74.011886ms, pv: ["d1e2", "e8d7", "e2e5", "d7c6", "e1d1", "c6d7", "d1d2", "d7c6", "e5d4", "c6c7", "d2e2"] })
 id null-pawn-zugzwang  depth=7 null=false: move=None info=None
 id null-pawn-zugzwang  depth=7 null=true: move=None info=None
 id null-pawn-zugzwang  depth=9 null=false: move=None info=None
 id null-pawn-zugzwang  depth=9 null=true: move=None info=None
 id null-single-minor  depth=7 null=false: move=Some("a1c2") info=Some(SearchInfo { depth: 7, score: Centipawns(0), nodes: 83, elapsed: 156.378µs, pv: ["a1c2"] })
 id null-single-minor  depth=7 null=true: move=Some("a1c2") info=Some(SearchInfo { depth: 7, score: Centipawns(0), nodes: 83, elapsed: 120.958µs, pv: ["a1c2"] })
 id null-single-minor  depth=9 null=false: move=Some("a1c2") info=Some(SearchInfo { depth: 9, score: Centipawns(0), nodes: 229, elapsed: 136.624µs, pv: ["a1c2"] })
 id null-single-minor  depth=9 null=true: move=Some("a1c2") info=Some(SearchInfo { depth: 9, score: Centipawns(0), nodes: 113, elapsed: 100.049µs, pv: ["a1c2"] })
 id null-two-minors  depth=7 null=false: move=Some("b1c2") info=Some(SearchInfo { depth: 7, score: Centipawns(725), nodes: 14804, elapsed: 5.855162ms, pv: ["b1c2", "c3d4", "c1d2", "d4c5", "c2g6", "c5c4", "a1c2"] })
 id null-two-minors  depth=7 null=true: move=Some("b1c2") info=Some(SearchInfo { depth: 7, score: Centipawns(725), nodes: 14804, elapsed: 5.79308ms, pv: ["b1c2", "c3d4", "c1d2", "d4c5", "c2g6", "c5c4", "a1c2"] })
 id null-two-minors  depth=9 null=false: move=Some("b1c2") info=Some(SearchInfo { depth: 9, score: Centipawns(749), nodes: 60854, elapsed: 20.963067ms, pv: ["b1c2", "c3d4", "c1d2", "d4c5", "a1b3", "c5c4", "d2e3", "c4b4", "b3d4", "b4c3"] })
 id null-two-minors  depth=9 null=true: move=Some("b1c2") info=Some(SearchInfo { depth: 9, score: Centipawns(749), nodes: 60856, elapsed: 20.922164ms, pv: ["b1c2", "c3d4", "c1d2", "d4c5", "a1b3", "c5c4", "d2e3", "c4b4", "b3d4", "b4c3"] })
 id null-rook-ending  depth=7 null=false: move=Some("a1a2") info=Some(SearchInfo { depth: 7, score: Centipawns(636), nodes: 19036, elapsed: 5.817654ms, pv: ["a1a2", "c3d3", "a2a8", "d3c3", "a8a2", "c3d3", "a2c2"] })
 id null-rook-ending  depth=7 null=true: move=Some("a1a2") info=Some(SearchInfo { depth: 7, score: Centipawns(636), nodes: 19036, elapsed: 5.759364ms, pv: ["a1a2", "c3d3", "a2a8", "d3c3", "a8a2", "c3d3", "a2c2"] })
 id null-rook-ending  depth=9 null=false: move=Some("a1a8") info=Some(SearchInfo { depth: 9, score: Centipawns(649), nodes: 69149, elapsed: 19.417346ms, pv: ["a1a8", "c3d3", "a8e8", "d3c3", "e8a8", "c3d3"] })
 id null-rook-ending  depth=9 null=true: move=Some("a1a8") info=Some(SearchInfo { depth: 9, score: Centipawns(649), nodes: 69767, elapsed: 19.529026ms, pv: ["a1a8", "c3d3", "a8e8", "d3c3", "e8a8", "c3d3"] })
 id null-halfmove-99  depth=7 null=false: move=Some("e1d1") info=Some(SearchInfo { depth: 7, score: Centipawns(0), nodes: 182, elapsed: 89.617µs, pv: ["e1d1"] })
 id null-halfmove-99  depth=7 null=true: move=Some("e1d1") info=Some(SearchInfo { depth: 7, score: Centipawns(0), nodes: 182, elapsed: 76.397µs, pv: ["e1d1"] })
 id null-halfmove-99  depth=9 null=false: move=Some("e1d1") info=Some(SearchInfo { depth: 9, score: Centipawns(0), nodes: 234, elapsed: 76.068µs, pv: ["e1d1"] })
 id null-halfmove-99  depth=9 null=true: move=Some("e1d1") info=Some(SearchInfo { depth: 9, score: Centipawns(0), nodes: 234, elapsed: 76.267µs, pv: ["e1d1"] })
 id null-clears-en-passant  depth=7 null=false: move=Some("e8d7") info=Some(SearchInfo { depth: 7, score: Centipawns(808), nodes: 43406, elapsed: 14.029448ms, pv: ["e8d7", "e1d1", "d7e6", "d1c1", "e6e5", "c1d2", "e5e4"] })
 id null-clears-en-passant  depth=7 null=true: move=Some("e8d7") info=Some(SearchInfo { depth: 7, score: Centipawns(808), nodes: 44390, elapsed: 13.864993ms, pv: ["e8d7", "e1d1", "d7e6", "d1c1", "e6e5", "c1d2", "e5e4"] })
 id null-clears-en-passant  depth=9 null=false: move=Some("e8d7") info=Some(SearchInfo { depth: 9, score: Centipawns(853), nodes: 180628, elapsed: 52.949985ms, pv: ["e8d7", "e1d1", "d7e6", "d1c2", "a8a2", "c2d3", "e6e5", "d3c4", "e5e4", "c4b3"] })
 id null-clears-en-passant  depth=9 null=true: move=Some("e8d7") info=Some(SearchInfo { depth: 9, score: Centipawns(852), nodes: 190687, elapsed: 58.13151ms, pv: ["e8d7", "e1d1", "d7e6", "d1c2", "e6e5", "c2d3", "a8a3", "d3c4", "e5e4", "c4b4"] })
